RAM Allocation [bytes]
Variable                                                                          Address   Size
------------------------------------------------------------------------------------------------
twi_rx                                                                            0x0160      82
twi_tx                                                                            0x01B2      82
PN532_msg                                                                         0x0204      82
tag_uid                                                                           0x0256      82
tag_data                                                                          0x02A8      82
rx_buffer                                                                         0x02FA       8
MIFARE_Key_A                                                                      0x0302       6
_base_y                                                                           0x0308       4

EEPROM Allocation [bytes]
Variable                                                                          Address   Size
------------------------------------------------------------------------------------------------

Register Allocation
Variable                                                                          Register  Size
------------------------------------------------------------------------------------------------
rx_wr_index                                                                       R5           1
rx_rd_index                                                                       R4           1
rx_counter                                                                        R7           1
rx_buffer_overflow                                                                R2.0      1bit
checksum                                                                          R6           1
i                                                                                 R8,R9        2
_lcd_x                                                                            R11          1
_lcd_y                                                                            R10          1
_lcd_maxx                                                                         R13          1

FLASH Allocation [words]
Function                                                                          Address   Size
------------------------------------------------------------------------------------------------
usart_rx_isr                                                                      0x0005F     34
main                                                                              0x00081     88
TWIInit                                                                           0x000D9      7
TWIStart                                                                          0x000E0      6
TWIStop                                                                           0x000E6      6
TWIWrite                                                                          0x000EC      9
TWIRead                                                                           0x000F5     13
PN532_cmd                                                                         0x00102     17
PN532_build_msg                                                                   0x00113     65
PN532_read                                                                        0x00154     91
PN532_get_msg                                                                     0x001AF     43
PN532_wait_for_ack                                                                0x001DA     44
PN532_get_firmware                                                                0x00206     15
PN532_SAM_config                                                                  0x00215     28
PN532_read_uid                                                                    0x00231     36
PN532_auth_tag                                                                    0x00255     64
PN532_read_passive_tag                                                            0x00295     46
strlen                                                                            0x002C3     11
strlenf                                                                           0x002CE     12
_lcd_write_nibble_G101                                                            0x002DA     31
_lcd_write_data                                                                   0x002F9     12
lcd_clear                                                                         0x00305     14
lcd_init                                                                          0x00313     40
putchar                                                                           0x0033B      7
put_usart_G102                                                                    0x00342     11
_print_G102                                                                       0x0034D    279
printf                                                                            0x00464     30
