RAM Allocation [bytes]
Variable                                                                          Address   Size
------------------------------------------------------------------------------------------------
twi_rx                                                                            0x0160      82
twi_tx                                                                            0x01B2      82
PN532_msg                                                                         0x0204      82
tag_uid                                                                           0x0256      82
tag_data                                                                          0x02A8      82
GTC_Buffer                                                                        0x02FA      64
GTC_Gate_ID                                                                       0x033A       2
rx_buffer                                                                         0x033C     128
gtc_timeout                                                                       0x03BC       2
MIFARE_Key_A                                                                      0x03BE       6
_base_y                                                                           0x03C4       4
_lcd_maxx                                                                         0x03C8       1

EEPROM Allocation [bytes]
Variable                                                                          Address   Size
------------------------------------------------------------------------------------------------

Register Allocation
Variable                                                                          Register  Size
------------------------------------------------------------------------------------------------
rx_wr_index                                                                       R5           1
rx_rd_index                                                                       R4           1
rx_counter                                                                        R7           1
rx_buffer_overflow                                                                R2.0      1bit
gtc_state                                                                         R6           1
gtc_last_state                                                                    R9           1
checksum                                                                          R8           1
i                                                                                 R10,R11      2
_lcd_x                                                                            R13          1
_lcd_y                                                                            R12          1

FLASH Allocation [words]
Function                                                                          Address   Size
------------------------------------------------------------------------------------------------
clear_buffer                                                                      0x0005D      4
usart_rx_isr                                                                      0x00061     34
getchar                                                                           0x00083     18
reset_gtc_timeout                                                                 0x00095      7
timer1_ovf_isr                                                                    0x0009C     29
main                                                                              0x000B9    258
TWIInit                                                                           0x001BB      7
TWIStart                                                                          0x001C2      6
TWIStop                                                                           0x001C8      8
TWIWrite                                                                          0x001D0      9
TWIRead                                                                           0x001D9     13
PN532_cmd                                                                         0x001E6     21
PN532_build_msg                                                                   0x001FB     63
PN532_read                                                                        0x0023A     88
PN532_get_msg                                                                     0x00292     40
PN532_wait_for_ack                                                                0x002BA     40
PN532_get_firmware                                                                0x002E2     18
PN532_SAM_config                                                                  0x002F4     30
PN532_read_uid                                                                    0x00312     39
_lcd_write_nibble_G101                                                            0x00339     31
_lcd_write_data                                                                   0x00358     12
lcd_clear                                                                         0x00364     14
lcd_init                                                                          0x00372     41
putchar                                                                           0x0039B      7
