RAM Allocation [bytes]
Variable                                                                          Address   Size
------------------------------------------------------------------------------------------------
twi_rx                                                                            0x0160      82
twi_tx                                                                            0x01B2      82
PN532_msg                                                                         0x0204      82
tag_uid                                                                           0x0256      82
tag_data                                                                          0x02A8      82
GTC_Buffer                                                                        0x02FA      64
GTC_Gate_ID                                                                       0x033A       2
rx_buffer                                                                         0x033C       8
MIFARE_Key_A                                                                      0x0344       6
_base_y                                                                           0x034A       4

EEPROM Allocation [bytes]
Variable                                                                          Address   Size
------------------------------------------------------------------------------------------------

Register Allocation
Variable                                                                          Register  Size
------------------------------------------------------------------------------------------------
rx_wr_index                                                                       R5           1
rx_rd_index                                                                       R4           1
rx_counter                                                                        R7           1
rx_buffer_overflow                                                                R2.0      1bit
checksum                                                                          R6           1
i                                                                                 R8,R9        2
_lcd_x                                                                            R11          1
_lcd_y                                                                            R10          1
_lcd_maxx                                                                         R13          1

FLASH Allocation [words]
Function                                                                          Address   Size
------------------------------------------------------------------------------------------------
usart_rx_isr                                                                      0x0005C     34
getchar                                                                           0x0007E     18
main                                                                              0x00090    122
TWIInit                                                                           0x0010A      7
TWIStart                                                                          0x00111      6
TWIStop                                                                           0x00117      6
TWIWrite                                                                          0x0011D      9
TWIRead                                                                           0x00126     13
PN532_cmd                                                                         0x00133     21
PN532_build_msg                                                                   0x00148     64
PN532_read                                                                        0x00188     89
PN532_get_msg                                                                     0x001E1     44
PN532_wait_for_ack                                                                0x0020D     40
PN532_get_firmware                                                                0x00235     18
PN532_SAM_config                                                                  0x00247     30
PN532_read_uid                                                                    0x00265     41
_lcd_write_nibble_G101                                                            0x0028E     31
_lcd_write_data                                                                   0x002AD     12
lcd_clear                                                                         0x002B9     14
lcd_init                                                                          0x002C7     40
putchar                                                                           0x002EF      7
